[backblue.gif]
[fade.gif]
[index.html]
[localhost_8080/images/favicon.png]
[localhost_8080/images/MrMoshkel.png]
[localhost_8080/images/puzzle.jpg]
[localhost_8080/home/posts]
[localhost_8080/images/favicon.png]
[localhost_8080/home/courses.html]
[localhost_8080/home/nana.html]
[localhost_8080/styles/about_me.css]
[localhost_8080/images/ali_ghasemi.jpg]
[localhost_8080/files/Ali Ghasemi_CV.pdf]
[localhost_8080/home/about-me.html]
[localhost_8080/home/contact-me.html]
[localhost_8080/images/puzzle.jpg]
[localhost_8080/home/postb553.html]
[localhost_8080/fonts/IRANSans_UltraLight.ttf]
[www.agilesparks.com/wp-content/uploads/2022/08/Java_logo_icon.png]
[localhost_8080/styles/main_page.html]
[localhost_8080/styles/course_page.css]
[localhost_8080/home/coursedd87.html]
[cdn-media-1.freecodecamp.org/images/1_rU6KNs9KfdROiENL-UQTNA.jpg]
[www.wildnettechnologies.com/wp-content/uploads/2019/04/Java-WD-final.jpg]
[localhost_8080/home/course341d.html]
[totalview.io/sites/default/files/image/2020-09/image-blog-multithreaded-applications.jpg]
[localhost_8080/home/course810f.html]
[localhost_8080/home/coursee2bf.html]
[javacodehouse.com/assets/img/thumb/JUnit.svg]
[www.20i.com/blog/wp-content/uploads/2022/08/git-blog-header-740x416.png]
[localhost_8080/home/course9848.html]
[wallpapers.com/images/high/android-developer-0m3xeqfvwcisdodg.webp]
[localhost_8080/home/course70e8.html]
[localhost_8080/styles/about_me.css]
[localhost_8080/images/ali_ghasemi.jpg]
[localhost_8080/styles/contact_us.css]
[localhost_8080/styles/post_page.css]
[localhost_8080/fonts/IRANSans_UltraLight.ttf]
[localhost_8080/styles/course_page.css]
[javacodehouse.com/assets/img/thumb/JUnit.svg]
