[backblue.gif]
[fade.gif]
[index.html]
[localhost_8080/images/favicon.png]
[localhost_8080/images/MrMoshkel.png]
[localhost_8080/home/posts.html]
[localhost_8080/images/puzzle.jpg]
[localhost_8080/styles/main_page.css]
[localhost_8080/home/courses.html]
[localhost_8080/home/nana.html]
[localhost_8080/home/about-me.html]
[localhost_8080/fonts/IRANSans_UltraLight.ttf]
[localhost_8080/home/contact-me.html]
[localhost_8080/images/ali_ghasemi.jpg]
[localhost_8080/files/Ali Ghasemi_CV.pdf]
[localhost_8080/home/post85f7.html]
[localhost_8080/home/post1c31.html]
[localhost_8080/home/post4498.html]
[localhost_8080/home/post1d6e.html]
[www.limestonenetworks.com/assets/home-server-racks.jpg]
[localhost_8080/home/postab21.html]
[www.heidelberg-laureate-forum.org/fileadmin/laureaten/Liskov_2.jpg]
[localhost_8080/home/post4a6b.html]
[www.underworldcode.org/content/images/2020/08/Moby-logo-1.png]
[localhost_8080/home/post163e.html]
[hbr.org/resources/images/article_assets/2022/06/Jun22_17_1207483371..jpg]
[media.licdn.com/dms/image/C5622AQFNTms7-vVM1g/feedshare-shrink_800/0/1636820710408105f.jpg]
[media.licdn.com/dms/image/C5622AQGHtYsPG5IyiQ/feedshare-shrink_1280/0/1637851766110fc39.jpg]
[media.licdn.com/dms/image/C5622AQErV-LhdyqXNA/feedshare-shrink_1280/0/16389857667380c3c.jpg]
[localhost_8080/home/post8d02.html]
[localhost_8080/home/postd3ee.html]
[localhost_8080/home/post7c7a.html]
[localhost_8080/home/posts2679.html]
[localhost_8080/home/posts4658.html]
[localhost_8080/home/coursedd87.html]
[localhost_8080/home/course341d.html]
[pimylifeup.com/wp-content/uploads/2022/04/kill-command-on-linux-Thumbnail.png]
[localhost_8080/home/course810f.html]
[www.techyourchance.com/wp-content/uploads/2021/01/runtime_permissions.jpg]
[localhost_8080/home/coursee2bf.html]
[totalview.io/sites/default/files/image/2020-09/image-blog-multithreaded-applications.jpg]
[localhost_8080/home/course9848.html]
[www.20i.com/blog/wp-content/uploads/2022/08/git-blog-header-740x416.png]
[localhost_8080/home/course70e8.html]
[www.wildnettechnologies.com/wp-content/uploads/2019/04/Java-WD-final.jpg]
[localhost_8080/styles/about_me.css]
[localhost_8080/styles/contact_us.css]
[localhost_8080/styles/post_page.css]
[www.simplilearn.com/ice9/free_resources_article_thumb/database_management.html]
[localhost_8080/home/post6b38.html]
[blogassets.airtel.in/wp-content/uploads/2022/06/How-to-upload-photos-to-Google.jpg]
[localhost_8080/home/post89ff.html]
[cdn-media-1.freecodecamp.org/images/1_rU6KNs9KfdROiENL-UQTNA.jpg]
[localhost_8080/home/postb553.html]
[wallpapers.com/images/high/android-developer-0m3xeqfvwcisdodg.webp]
[localhost_8080/styles/course_page.css]
[javacodehouse.com/assets/img/thumb/JUnit.svg]
[assets.toptal.io/imagesff67.png]
[www.agilesparks.com/wp-content/uploads/2022/08/Java_logo_icon.png]
